FAIR-Chem
  L. Chanussot, A. Das, S. Goyal,
  T. Lavril,M. Shuaibi,M. Riviere, 
  K. Tran,J. Heras-Domingo, C. Ho, 
  W. Hu, A. Palizhati,A. Sriram,
  B. Wood, Y. Yoon, D.Parikh,
  L.C. Zitnick,Z. Ulissi;
  Open Catalyst 2020 (OC20) Dataset and Community Challenges.
  ACS Catalysis2021.
  10.1021/acscatal.0c04525
