MACE-OFF23
    Dávid Péter Kovács, J. Harry Moore,
    Nicholas J. Browning, Ilyes Batatia,
    Joshua T. Horton, Venkat Kapil, William C. Witt,
    Ioan-Bogdan Magdău, Daniel J. Cole, Gábor Csányi.
    (2023). MACE-OFF23: Transferable Machine Learning
    Force Fields for Organic Molecules.
    arXiv e-prints, p.arXiv:2312.15211.
    https://doi.org/10.48550/arXiv.2312.15211