TIP3P-mTR Water Model
    Chee Chin Liew, Hiroshi Inomata, Kunio Arai;
    Flexible molecular models for molecular dynamics
    study of near and supercritical water.
    Fluid Phase Equilibria, Volume 144, Issues 1–2, 1998,
    Pages 287-298, ISSN 0378-3812,
    https://doi.org/10.1016/S0378-3812(97)00271-9.