SPC Water Model
    Berendsen, H.J.C., Postma, J.P.M., van Gunsteren, W.F.,
    Hermans, J. (1981). Interaction Models for Water in
    Relation to Protein Hydration. In: Pullman, B. (eds)
    Intermolecular Forces. The Jerusalem Symposia on Quantum
    Chemistry and Biochemistry, vol 14. Springer, Dordrecht.
    https://doi.org/10.1007/978-94-015-7658-1_21