########################################################################
#                                                                      #
#  This file contains all references to the software and theory used.  #
#                                                                      #
########################################################################

PQ Software
    Gamper, J., Gallmetzer, J. M., Weiss, A. K. H.,
    Hofer, T. S. (2024). PQ: An Open-Source Platform
    for Advanced Molecular Dynamics Simulations. Zenodo.
    https://doi.org/10.5281/zenodo.14185071


DFTB+ Software
    B. Hourahine, B. Aradi, V. Blum, F. Bonafé, A. Buccheri,
    C. Camacho, C. Cevallos, M. Y. Deshaye, T. Dumitrică,
    A. Dominguez, S. Ehlert, M. Elstner, T. van der Heide,
    J. Hermann, S. Irle, J. J. Kranz, C. Köhler, T. Kowalczyk,
    T. Kubař, I. S. Lee, V. Lutsker, R. J. Maurer, S. K. Min,
    I. Mitchell, C. Negre, T. A. Niehaus, A. M. N. Niklasson,
    A. J. Page, A. Pecchia, G. Penazzi, M. P. Persson, J. Řezáč,
    C. G. Sánchez, M. Sternberg, M. Stöhr, F. Stuckenberg,
    A. Tkatchenko, V. W.-z. Yu, T. Frauenheim;
    DFTB+, a software package for efficient approximate density
    functional theory based atomistic simulations.
    J. Chem. Phys. 31 March 2020; 152 (12): 124101.
    https://doi.org/10.1063/1.5143190



########################################################################
#                                                                      #
#                            BIBTEX ENTRIES                            #
#                                                                      #
########################################################################

%%%%%%%%%%%%%%%
% PQ Software %
%%%%%%%%%%%%%%%

@software{gamper_2024_14185072,
  author       = {Gamper, Jakob and Gallmetzer, Josef Maria and Weiss, Alexander K. H. and Hofer, Thomas S.},
  title        = {PQ: An Open-Source Platform for Advanced Molecular Dynamics Simulations},
  month        = nov,
  year         = 2024,
  publisher    = {Zenodo},
  version      = {0.5.0},
  doi          = {10.5281/zenodo.14185072},
  url          = {https://doi.org/10.5281/zenodo.14185072},
}


%%%%%%%%%%%%%%%%%%
% DFTB+ Software %
%%%%%%%%%%%%%%%%%%

@article{10.1063/1.5143190,
    author = {Hourahine, B. and Aradi, B. and Blum, V. and Bonafé, F. and Buccheri, A. and Camacho, C. and Cevallos, C. and Deshaye, M. Y. and Dumitrică, T. and Dominguez, A. and Ehlert, S. and Elstner, M. and van der Heide, T. and Hermann, J. and Irle, S. and Kranz, J. J. and Köhler, C. and Kowalczyk, T. and Kubař, T. and Lee, I. S. and Lutsker, V. and Maurer, R. J. and Min, S. K. and Mitchell, I. and Negre, C. and Niehaus, T. A. and Niklasson, A. M. N. and Page, A. J. and Pecchia, A. and Penazzi, G. and Persson, M. P. and Řezáč, J. and Sánchez, C. G. and Sternberg, M. and Stöhr, M. and Stuckenberg, F. and Tkatchenko, A. and Yu, V. W.-z. and Frauenheim, T.},
    title = {DFTB+, a software package for efficient approximate density functional theory based atomistic simulations},
    journal = {The Journal of Chemical Physics},
    volume = {152},
    number = {12},
    pages = {124101},
    year = {2020},
    month = {03},
    issn = {0021-9606},
    doi = {10.1063/1.5143190},
    url = {https://doi.org/10.1063/1.5143190},
    eprint = {https://pubs.aip.org/aip/jcp/article-pdf/doi/10.1063/1.5143190/16711771/124101\_1\_online.pdf},
}


