################################################################################
#                                                                              #
#  This file contains all references to the used software and the used theory  #
#                                                                              #
################################################################################


################################################################################
#                                                                              #
#                               BIBTEX ENTIRES                                 #
#                                                                              #
################################################################################

